2026-08-15 21:09:38  WARNING  readerm.sources.base: [madara.setsuscans] Cloudflare challenge, trying FlareSolverr
2026-08-15 21:09:38  ERROR    readerm.sources.base: [madara.setsuscans] FlareSolverr is not reachable (FlareSolverr is not reachable); giving up on this site for now
2026-08-15 21:09:41  WARNING  readerm.sources.base: [witchscans] request failed (500), retrying in 0.0s
2026-08-15 21:09:41  WARNING  readerm.sources.base: [witchscans] request failed (500), retrying in 0.0s
2026-08-15 21:09:43  ERROR    readerm.gui: Could not start a queued download
Traceback (most recent call last):
  File "/home/user/readerm/gui/__init__.py", line 1742, in _start_queued
    started.append(self._spawn(entry))
                   ~~~~~~~~~~~^^^^^^^
  File "/home/user/readerm/gui/__init__.py", line 1697, in _spawn
    engine = DownloadEngine(opt, on_event=self._job_event(job_id),
                            job_id=job_id)
  File "/home/user/readerm/downloader.py", line 72, in __init__
    self.source = self._make_source()
                  ~~~~~~~~~~~~~~~~~^^
  File "/home/user/readerm/downloader.py", line 99, in _make_source
    return source_for_url(self.opt.url, **kwargs)
  File "/home/user/readerm/sources/__init__.py", line 153, in source_for_url
    raise ScrapeError(
        f"No source recognises '{url}'.\nSupported sites: {known}"
    )
readerm.sources.base.ScrapeError: No source recognises 'https://example.com/x'.
Supported sites: https://mangadex.org, https://mangakatana.com, https://weebcentral.com, https://kagane.to, https://comix.to, https://vymanga.co, https://mangadot.net, https://www.natomanga.com, https://asuracomic.net, https://flamecomics.xyz, https://demonicscans.org, https://madarascans.org, https://omegascans.org, https://manhwaread.com, https://mangabooth.com, https://witchscans.com, https://writerscans.com, https://www.webtoons.com, https://mangadass.com, https://manhwa18.cc, https://manga18.club, https://hentaiakane.com, https://nhentai.to
2026-08-15 21:09:43  WARNING  readerm.covers: cover search failed for 'X': network down
